2026-04-07 23:45:18   LF Frequency Domain Solver (MQS)

                      ------------------------------------------------------------------------------
2026-04-07 23:45:18   Units settings: 

                        Dimensions: mm
                        Frequency:  kHz

                      ------------------------------------------------------------------------------
2026-04-07 23:45:18   Boundary conditions: 

                        YZsymmetry: none
                        XZsymmetry: none
                        XYsymmetry: none

                        Xmin: electric
                        Xmax: electric

                        Ymin: electric
                        Ymax: electric

                        Zmin: magnetic
                        Zmax: magnetic

                      ------------------------------------------------------------------------------
2026-04-07 23:45:18   *** Warning ***

                      This software is licensed for non-commercial use only.

                      ------------------------------------------------------------------------------
2026-04-07 23:45:18   Solver started at: 2026-04-07 23:45:18 +0530

                        Module:  LF Frequency Domain Solver (Win 64)
                        Version: 2024.0 Release from 2023-09-01 (change 1164796)

                        Hardware:
                           Computer name: LAB304-PC12

                      ------------------------------------------------------------------------------
2026-04-07 23:45:18   Solver order = 2


                      ------------------------------------------------------------------------------
2026-04-07 23:45:18   Solver mode = Full 3D

                      ------------------------------------------------------------------------------
2026-04-07 23:45:18   Solve solution frequency 1 kHz 

                      ------------------------------------------------------------------------------
2026-04-07 23:45:18   Adaptive Computation

                      ------------------------------------------------------------------------------
2026-04-07 23:45:18   Pass 1: 

                      ------------------------------------------------------------------------------
2026-04-07 23:45:18   Precompute source current distribution ...
2026-04-07 23:45:19   Relative residual = 5.5e-16


                      ------------------------------------------------------------------------------
2026-04-07 23:45:19   Run low frequency solver ...
2026-04-07 23:45:24   Relative residual = 4.6e-13
2026-04-07 23:45:24   Solver time:  0d :  0h :  0m :  3s
2026-04-07 23:45:26   Pass 2: 

                      ------------------------------------------------------------------------------
2026-04-07 23:45:27   Refinement successful
2026-04-07 23:45:27   Precompute source current distribution ...
2026-04-07 23:45:27   Relative residual = 5.3e-16


                      ------------------------------------------------------------------------------
2026-04-07 23:45:27   Run low frequency solver ...
2026-04-07 23:45:34   Relative residual = 3.3e-13
2026-04-07 23:45:34   Solver time:  0d :  0h :  0m :  5s
2026-04-07 23:45:34   Relative energy Delta (pass 2) = 1.3360e-04


                      ------------------------------------------------------------------------------
2026-04-07 23:45:35   
                      Computing electric field in non-conductive domains ...
2026-04-07 23:45:38   Relative residual = 9.6e-07


                      ------------------------------------------------------------------------------
2026-04-07 23:45:39   Total solver time (all mesh adaptation runs):  0d :  0h :  0m :  8s


                      ------------------------------------------------------------------------------
2026-04-07 23:45:39   Solver Timing Statistics: (last run)

                        Mesh generation:                  0d :  0h :  0m :  0s
                        Initialization and data import:   0d :  0h :  0m :  0s
                        Assembling process:               0d :  0h :  0m :  2s
                        Linear solver:                    0d :  0h :  0m :  5s
                                                       --------------------------
                        Total time:                       0d :  0h :  0m :  7s

                        Number of threads used:           8 



                      ------------------------------------------------------------------------------
2026-04-07 23:45:39   Total simulation time (all mesh adaptation runs) 0d :  0h :  0m : 13s


                      ------------------------------------------------------------------------------
2026-04-07 23:45:39   Solver Size Statistics:

                        Number of mesh cells:         72722 
                        Number of unknowns:           363462

                      ------------------------------------------------------------------------------
2026-04-07 23:45:39   Linear Solver Selection: Auto


                      ------------------------------------------------------------------------------
2026-04-07 23:45:39   Memory statistics:

                        ----------------------------------------------------------------------------
                                            Peak memory used (kB)         Free physical memory (kB) 
                                                                          At begin     Minimum      
                        ----------------------------------------------------------------------------
                        Solver start        17320                         19313628     19312792     
                        Solver run total    2559172                       19308396     16956656     
                        ----------------------------------------------------------------------------


                      ------------------------------------------------------------------------------
2026-04-07 23:45:39   Creating parametric 1D results for Run ID 1

                      ------------------------------------------------------------------------------
