LTspice 26.0.1 for Windows
Circuit: X:\Projects\NEID\Project\Circuits\3-coil_resonant_part-C.net
Start Time: Fri May  1 10:10:14 2026
Options:meascplxfmt=cartesian

.step dmm=0
solver = Normal
Maximum thread count: 16
tnom = 27
temp = 27
method = modified trap
Compress1stOrder = true
Compress2ndOrder = true
.OP point found by inspection.
.OP point found by inspection.

.step dmm=5
.OP point found by inspection.
.OP point found by inspection.

.step dmm=10
.OP point found by inspection.
.OP point found by inspection.

.step dmm=15
.OP point found by inspection.
.OP point found by inspection.

.step dmm=20
.OP point found by inspection.
.OP point found by inspection.

.step dmm=25
.OP point found by inspection.
.OP point found by inspection.

.step dmm=30
.OP point found by inspection.
.OP point found by inspection.

.step dmm=35
.OP point found by inspection.
.OP point found by inspection.

.step dmm=40
.OP point found by inspection.
.OP point found by inspection.
Total elapsed time: 0.148 seconds.

Files loaded:
X:\Projects\NEID\Project\Circuits\3-coil_resonant_part-C.net


Measurement: is
  step	MAX(mag(I(RSource)) )	FROM	TO
     1	(0.0189020105951,0)	4999000	5001000
     2	(0.0191185624171,0)	4999000	5001000
     3	(0.0195023112059,0)	4999000	5001000
     4	(0.0197623644875,0)	4999000	5001000
     5	(0.0198848246297,0)	4999000	5001000
     6	(0.0199368232728,0)	4999000	5001000
     7	(0.01995837819,0)	4999000	5001000
     8	(0.019968232529,0)	4999000	5001000
     9	(0.0199722363092,0)	4999000	5001000

Measurement: il
  step	MAX(mag(I(RLoad)) )	FROM	TO
     1	(0.00449386766161,0)	4999000	5001000
     2	(0.00403894236613,0)	4999000	5001000
     3	(0.00303380488728,0)	4999000	5001000
     4	(0.00205402677225,0)	4999000	5001000
     5	(0.00135083446958,0)	4999000	5001000
     6	(0.0008938861899,0)	4999000	5001000
     7	(0.000610127935622,0)	4999000	5001000
     8	(0.000420518242945,0)	4999000	5001000
     9	(0.00031206007287,0)	4999000	5001000

Measurement: ic1
  step	MAX(mag(I(RCoil1)) )	FROM	TO
     1	(0.0189020105951,0)	4999000	5001000
     2	(0.0191185624171,0)	4999000	5001000
     3	(0.0195023112059,0)	4999000	5001000
     4	(0.0197623644875,0)	4999000	5001000
     5	(0.0198848246297,0)	4999000	5001000
     6	(0.0199368232728,0)	4999000	5001000
     7	(0.01995837819,0)	4999000	5001000
     8	(0.019968232529,0)	4999000	5001000
     9	(0.0199722363092,0)	4999000	5001000

Measurement: ic2
  step	MAX(mag(I(RCoil2)) )	FROM	TO
     1	(0.0190838612283,0)	4999000	5001000
     2	(0.0171519549369,0)	4999000	5001000
     3	(0.0128834927555,0)	4999000	5001000
     4	(0.00872272279304,0)	4999000	5001000
     5	(0.00573651462415,0)	4999000	5001000
     6	(0.00379601743675,0)	4999000	5001000
     7	(0.00259099682761,0)	4999000	5001000
     8	(0.00178579174925,0)	4999000	5001000
     9	(0.00132520838929,0)	4999000	5001000

Measurement: ic3
  step	MAX(mag(I(RCoil3)) )	FROM	TO
     1	(0.00449386766161,0)	4999000	5001000
     2	(0.00403894236613,0)	4999000	5001000
     3	(0.00303380488728,0)	4999000	5001000
     4	(0.00205402677225,0)	4999000	5001000
     5	(0.00135083446958,0)	4999000	5001000
     6	(0.0008938861899,0)	4999000	5001000
     7	(0.000610127935622,0)	4999000	5001000
     8	(0.000420518242945,0)	4999000	5001000
     9	(0.00031206007287,0)	4999000	5001000

Measurement: pte3
  step	100*(Il*Il*50)/(Is*Is*50 + Il*Il*50 + Ic1*Ic1*0.047 + Ic2*Ic2*0.018 + Ic3*Ic3*0.018)
     1	(5.34318696515,0)
     2	(4.26721782708,0)
     3	(2.36020646144,0)
     4	(1.06765887553,0)
     5	(0.458924560937,0)
     6	(0.200432053741,0)
     7	(0.0932771385808,0)
     8	(0.0442882667072,0)
     9	(0.0243841901466,0)
