2026-04-07 23:46:03   LF Frequency Domain Solver (MQS)

                      ------------------------------------------------------------------------------
2026-04-07 23:46:03   Units settings: 

                        Dimensions: mm
                        Frequency:  kHz

                      ------------------------------------------------------------------------------
2026-04-07 23:46:03   Boundary conditions: 

                        YZsymmetry: none
                        XZsymmetry: none
                        XYsymmetry: none

                        Xmin: electric
                        Xmax: electric

                        Ymin: electric
                        Ymax: electric

                        Zmin: magnetic
                        Zmax: magnetic

                      ------------------------------------------------------------------------------
2026-04-07 23:46:03   *** Warning ***

                      This software is licensed for non-commercial use only.

                      ------------------------------------------------------------------------------
2026-04-07 23:46:03   Solver started at: 2026-04-07 23:46:03 +0530

                        Module:  LF Frequency Domain Solver (Win 64)
                        Version: 2024.0 Release from 2023-09-01 (change 1164796)

                        Hardware:
                           Computer name: LAB304-PC12

                      ------------------------------------------------------------------------------
2026-04-07 23:46:03   Solver order = 2


                      ------------------------------------------------------------------------------
2026-04-07 23:46:03   Solver mode = Full 3D

                      ------------------------------------------------------------------------------
2026-04-07 23:46:03   Solve solution frequency 1 kHz 

                      ------------------------------------------------------------------------------
2026-04-07 23:46:03   Adaptive Computation

                      ------------------------------------------------------------------------------
2026-04-07 23:46:03   Pass 1: 

                      ------------------------------------------------------------------------------
2026-04-07 23:46:03   Precompute source current distribution ...
2026-04-07 23:46:04   Relative residual = 5.4e-16


                      ------------------------------------------------------------------------------
2026-04-07 23:46:04   Run low frequency solver ...
2026-04-07 23:46:15   Relative residual = 3.6e-13
2026-04-07 23:46:15   Solver time:  0d :  0h :  0m :  8s
2026-04-07 23:46:18   Pass 2: 

                      ------------------------------------------------------------------------------
2026-04-07 23:46:22   Refinement successful
2026-04-07 23:46:22   Precompute source current distribution ...
2026-04-07 23:46:23   Relative residual = 4.5e-16


                      ------------------------------------------------------------------------------
2026-04-07 23:46:23   Run low frequency solver ...
2026-04-07 23:46:33   Relative residual = 3.0e-13
2026-04-07 23:46:33   Solver time:  0d :  0h :  0m :  8s
2026-04-07 23:46:33   Relative energy Delta (pass 2) = 9.9207e-05


                      ------------------------------------------------------------------------------
2026-04-07 23:46:35   
                      Computing electric field in non-conductive domains ...
2026-04-07 23:46:39   Relative residual = 7.9e-07


                      ------------------------------------------------------------------------------
2026-04-07 23:46:40   Total solver time (all mesh adaptation runs):  0d :  0h :  0m : 16s


                      ------------------------------------------------------------------------------
2026-04-07 23:46:40   Solver Timing Statistics: (last run)

                        Mesh generation:                  0d :  0h :  0m :  0s
                        Initialization and data import:   0d :  0h :  0m :  0s
                        Assembling process:               0d :  0h :  0m :  2s
                        Linear solver:                    0d :  0h :  0m :  8s
                                                       --------------------------
                        Total time:                       0d :  0h :  0m : 11s

                        Number of threads used:           8 



                      ------------------------------------------------------------------------------
2026-04-07 23:46:40   Total simulation time (all mesh adaptation runs) 0d :  0h :  0m : 26s


                      ------------------------------------------------------------------------------
2026-04-07 23:46:40   Solver Size Statistics:

                        Number of mesh cells:         100471 
                        Number of unknowns:           502210

                      ------------------------------------------------------------------------------
2026-04-07 23:46:40   Linear Solver Selection: Auto


                      ------------------------------------------------------------------------------
2026-04-07 23:46:40   Memory statistics:

                        ----------------------------------------------------------------------------
                                            Peak memory used (kB)         Free physical memory (kB) 
                                                                          At begin     Minimum      
                        ----------------------------------------------------------------------------
                        Solver start        17252                         19458840     19458544     
                        Solver run total    3819456                       19457368     15723128     
                        ----------------------------------------------------------------------------


                      ------------------------------------------------------------------------------
2026-04-07 23:46:40   Creating parametric 1D results for Run ID 1

                      ------------------------------------------------------------------------------
