2026-04-07 23:45:04   LF Frequency Domain Solver (MQS)

                      ------------------------------------------------------------------------------
2026-04-07 23:45:04   Units settings: 

                        Dimensions: mm
                        Frequency:  Hz

                      ------------------------------------------------------------------------------
2026-04-07 23:45:04   Boundary conditions: 

                        YZsymmetry: none
                        XZsymmetry: none
                        XYsymmetry: none

                        Xmin: electric
                        Xmax: electric

                        Ymin: electric
                        Ymax: electric

                        Zmin: electric
                        Zmax: electric

                      ------------------------------------------------------------------------------
2026-04-07 23:45:04   *** Warning ***

                      This software is licensed for non-commercial use only.

                      ------------------------------------------------------------------------------
2026-04-07 23:45:05   Solver started at: 2026-04-07 23:45:05 +0530

                        Module:  LF Frequency Domain Solver (Win 64)
                        Version: 2024.0 Release from 2023-09-01 (change 1164796)

                        Hardware:
                           Computer name: LAB304-PC12

                      ------------------------------------------------------------------------------
2026-04-07 23:45:05   Solver order = 2


                      ------------------------------------------------------------------------------
2026-04-07 23:45:05   Solver mode = Full 3D

                      ------------------------------------------------------------------------------
2026-04-07 23:45:05   Solve solution frequency 1000 Hz 

                      ------------------------------------------------------------------------------
2026-04-07 23:45:05   Adaptive Computation

                      ------------------------------------------------------------------------------
2026-04-07 23:45:05   Pass 1: 

                      ------------------------------------------------------------------------------
2026-04-07 23:45:05   Precompute source current distribution ...
2026-04-07 23:45:05   Relative residual = 6.2e-16


                      ------------------------------------------------------------------------------
2026-04-07 23:45:05   Run low frequency solver ...
2026-04-07 23:45:06   Relative residual = 1.8e-13
2026-04-07 23:45:06   Solver time:  0d :  0h :  0m :  0s
2026-04-07 23:45:07   Pass 2: 

                      ------------------------------------------------------------------------------
2026-04-07 23:45:08   Refinement successful
2026-04-07 23:45:08   Precompute source current distribution ...
2026-04-07 23:45:08   Relative residual = 5.4e-16


                      ------------------------------------------------------------------------------
2026-04-07 23:45:08   Run low frequency solver ...
2026-04-07 23:45:10   Relative residual = 2.0e-13
2026-04-07 23:45:10   Solver time:  0d :  0h :  0m :  1s
2026-04-07 23:45:10   Relative energy Delta (pass 2) = 2.0466e-04


                      ------------------------------------------------------------------------------
2026-04-07 23:45:11   
                      Computing electric field in non-conductive domains ...
2026-04-07 23:45:12   Relative residual = 6.7e-07


                      ------------------------------------------------------------------------------
2026-04-07 23:45:12   Total solver time (all mesh adaptation runs):  0d :  0h :  0m :  1s


                      ------------------------------------------------------------------------------
2026-04-07 23:45:12   Solver Timing Statistics: (last run)

                        Mesh generation:                  0d :  0h :  0m :  0s
                        Initialization and data import:   0d :  0h :  0m :  0s
                        Assembling process:               0d :  0h :  0m :  0s
                        Linear solver:                    0d :  0h :  0m :  1s
                                                       --------------------------
                        Total time:                       0d :  0h :  0m :  2s

                        Number of threads used:           8 



                      ------------------------------------------------------------------------------
2026-04-07 23:45:12   Total simulation time (all mesh adaptation runs) 0d :  0h :  0m :  4s


                      ------------------------------------------------------------------------------
2026-04-07 23:45:12   Solver Size Statistics:

                        Number of mesh cells:         30289 
                        Number of unknowns:           150870

                      ------------------------------------------------------------------------------
2026-04-07 23:45:12   Linear Solver Selection: Auto


                      ------------------------------------------------------------------------------
2026-04-07 23:45:12   Memory statistics:

                        ----------------------------------------------------------------------------
                                            Peak memory used (kB)         Free physical memory (kB) 
                                                                          At begin     Minimum      
                        ----------------------------------------------------------------------------
                        Solver start        17268                         19310532     19310200     
                        Solver run total    1018816                       19308932     19030308     
                        ----------------------------------------------------------------------------


                      ------------------------------------------------------------------------------
2026-04-07 23:45:12   Creating parametric 1D results for Run ID 1

                      ------------------------------------------------------------------------------
