Unknown:
C:\Users\shreyansh22484\Downloads\Q1\Result\hardware_resources.sconf
C:\Users\shreyansh22484\Downloads\Q1\Result\jstatic.slv
C:\Users\shreyansh22484\Downloads\Q1\Result\Model.axg
C:\Users\shreyansh22484\Downloads\Q1\Result\Model.log
C:\Users\shreyansh22484\Downloads\Q1\Result\Model.mlg
C:\Users\shreyansh22484\Downloads\Q1\Result\Model.sa
Mesh:
C:\Users\shreyansh22484\Downloads\Q1\Result\3d.slim
C:\Users\shreyansh22484\Downloads\Q1\Result\bad0.tet
C:\Users\shreyansh22484\Downloads\Q1\Result\bc3d.tet
C:\Users\shreyansh22484\Downloads\Q1\Result\log.tet
C:\Users\shreyansh22484\Downloads\Q1\Result\meshrelated.info
C:\Users\shreyansh22484\Downloads\Q1\Result\Mesh_Input.Entities2Mesh.tet
C:\Users\shreyansh22484\Downloads\Q1\Result\Mesh_Input.Options.tet
C:\Users\shreyansh22484\Downloads\Q1\Result\Mesh_Input.QuasiModel.tet
C:\Users\shreyansh22484\Downloads\Q1\Result\Mesh_Output.QuasiModel.tet
C:\Users\shreyansh22484\Downloads\Q1\Result\Mesh_Output.U2F.tet
C:\Users\shreyansh22484\Downloads\Q1\Result\mir.tet
C:\Users\shreyansh22484\Downloads\Q1\Result\moegeom.tet
C:\Users\shreyansh22484\Downloads\Q1\Result\objectid.tet
C:\Users\shreyansh22484\Downloads\Q1\Result\reftags.tet
C:\Users\shreyansh22484\Downloads\Q1\Result\sat.tet
C:\Users\shreyansh22484\Downloads\Q1\Result\tetquality.tet
C:\Users\shreyansh22484\Downloads\Q1\Result\topot.tet
Port:
